cache status: symbol=AUD_USD timeframe=M15 cached=1979 missing_windows=5
fetching candles chunk: 2026-01-17 -> 2026-01-18 (n=0)
fetching candles chunk: 2026-01-23 -> 2026-01-25 (n=0)
fetching candles chunk: 2026-01-30 -> 2026-02-01 (n=0)
fetching candles chunk: 2026-02-06 -> 2026-02-08 (n=0)
fetching candles chunk: 2026-02-13 -> 2026-02-15 (n=0)
cache status: symbol=AUD_USD timeframe=M1 cached=29487 missing_windows=103
fetching candles chunk: 2026-01-17 -> 2026-01-18 (n=0)
fetching candles chunk: 2026-01-19 -> 2026-01-19 (n=0)
fetching candles chunk: 2026-01-19 -> 2026-01-19 (n=0)
fetching candles chunk: 2026-01-19 -> 2026-01-19 (n=0)
fetching candles chunk: 2026-01-19 -> 2026-01-19 (n=0)
fetching candles chunk: 2026-01-19 -> 2026-01-19 (n=0)
fetching candles chunk: 2026-01-19 -> 2026-01-19 (n=0)
fetching candles chunk: 2026-01-19 -> 2026-01-19 (n=0)
fetching candles chunk: 2026-01-19 -> 2026-01-19 (n=0)
fetching candles chunk: 2026-01-19 -> 2026-01-19 (n=0)
fetching candles chunk: 2026-01-19 -> 2026-01-19 (n=0)
fetching candles chunk: 2026-01-19 -> 2026-01-19 (n=0)
fetching candles chunk: 2026-01-19 -> 2026-01-19 (n=0)
fetching candles chunk: 2026-01-19 -> 2026-01-19 (n=0)
fetching candles chunk: 2026-01-19 -> 2026-01-19 (n=0)
fetching candles chunk: 2026-01-19 -> 2026-01-19 (n=0)
fetching candles chunk: 2026-01-19 -> 2026-01-19 (n=0)
fetching candles chunk: 2026-01-19 -> 2026-01-19 (n=0)
fetching candles chunk: 2026-01-19 -> 2026-01-19 (n=0)
fetching candles chunk: 2026-01-19 -> 2026-01-19 (n=0)
fetching candles chunk: 2026-01-19 -> 2026-01-19 (n=0)
fetching candles chunk: 2026-01-19 -> 2026-01-19 (n=0)
fetching candles chunk: 2026-01-19 -> 2026-01-19 (n=0)
fetching candles chunk: 2026-01-19 -> 2026-01-19 (n=0)
fetching candles chunk: 2026-01-19 -> 2026-01-19 (n=0)
fetching candles chunk: 2026-01-19 -> 2026-01-19 (n=0)
fetching candles chunk: 2026-01-19 -> 2026-01-19 (n=0)
fetching candles chunk: 2026-01-19 -> 2026-01-19 (n=0)
fetching candles chunk: 2026-01-19 -> 2026-01-19 (n=0)
fetching candles chunk: 2026-01-19 -> 2026-01-19 (n=0)
fetching candles chunk: 2026-01-19 -> 2026-01-19 (n=0)
fetching candles chunk: 2026-01-19 -> 2026-01-19 (n=0)
fetching candles chunk: 2026-01-19 -> 2026-01-19 (n=0)
fetching candles chunk: 2026-01-19 -> 2026-01-19 (n=0)
fetching candles chunk: 2026-01-20 -> 2026-01-20 (n=0)
fetching candles chunk: 2026-01-20 -> 2026-01-20 (n=0)
fetching candles chunk: 2026-01-20 -> 2026-01-20 (n=0)
fetching candles chunk: 2026-01-20 -> 2026-01-20 (n=0)
fetching candles chunk: 2026-01-21 -> 2026-01-21 (n=0)
fetching candles chunk: 2026-01-21 -> 2026-01-21 (n=0)
fetching candles chunk: 2026-01-21 -> 2026-01-21 (n=0)
fetching candles chunk: 2026-01-21 -> 2026-01-21 (n=0)
fetching candles chunk: 2026-01-21 -> 2026-01-21 (n=0)
fetching candles chunk: 2026-01-21 -> 2026-01-21 (n=0)
fetching candles chunk: 2026-01-22 -> 2026-01-22 (n=0)
fetching candles chunk: 2026-01-22 -> 2026-01-22 (n=0)
fetching candles chunk: 2026-01-22 -> 2026-01-22 (n=0)
fetching candles chunk: 2026-01-22 -> 2026-01-22 (n=0)
fetching candles chunk: 2026-01-22 -> 2026-01-22 (n=0)
fetching candles chunk: 2026-01-22 -> 2026-01-22 (n=0)
fetching candles chunk: 2026-01-22 -> 2026-01-22 (n=0)
fetching candles chunk: 2026-01-22 -> 2026-01-22 (n=0)
fetching candles chunk: 2026-01-22 -> 2026-01-22 (n=0)
fetching candles chunk: 2026-01-23 -> 2026-01-23 (n=0)
fetching candles chunk: 2026-01-23 -> 2026-01-25 (n=0)
fetching candles chunk: 2026-01-26 -> 2026-01-26 (n=0)
fetching candles chunk: 2026-01-26 -> 2026-01-26 (n=0)
fetching candles chunk: 2026-01-26 -> 2026-01-26 (n=0)
fetching candles chunk: 2026-01-26 -> 2026-01-26 (n=0)
fetching candles chunk: 2026-01-27 -> 2026-01-27 (n=0)
fetching candles chunk: 2026-01-27 -> 2026-01-27 (n=0)
fetching candles chunk: 2026-01-27 -> 2026-01-27 (n=0)
fetching candles chunk: 2026-01-27 -> 2026-01-27 (n=0)
fetching candles chunk: 2026-01-27 -> 2026-01-27 (n=0)
fetching candles chunk: 2026-01-27 -> 2026-01-27 (n=0)
fetching candles chunk: 2026-01-28 -> 2026-01-28 (n=0)
fetching candles chunk: 2026-01-28 -> 2026-01-28 (n=0)
fetching candles chunk: 2026-01-28 -> 2026-01-28 (n=0)
fetching candles chunk: 2026-01-28 -> 2026-01-28 (n=0)
fetching candles chunk: 2026-01-29 -> 2026-01-29 (n=0)
fetching candles chunk: 2026-01-29 -> 2026-01-29 (n=0)
fetching candles chunk: 2026-01-29 -> 2026-01-29 (n=0)
fetching candles chunk: 2026-01-29 -> 2026-01-29 (n=0)
fetching candles chunk: 2026-01-29 -> 2026-01-29 (n=0)
fetching candles chunk: 2026-01-30 -> 2026-02-01 (n=0)
fetching candles chunk: 2026-02-02 -> 2026-02-02 (n=0)
fetching candles chunk: 2026-02-02 -> 2026-02-02 (n=0)
fetching candles chunk: 2026-02-02 -> 2026-02-02 (n=0)
fetching candles chunk: 2026-02-02 -> 2026-02-02 (n=0)
fetching candles chunk: 2026-02-03 -> 2026-02-03 (n=0)
fetching candles chunk: 2026-02-04 -> 2026-02-04 (n=0)
fetching candles chunk: 2026-02-04 -> 2026-02-04 (n=0)
fetching candles chunk: 2026-02-04 -> 2026-02-04 (n=0)
fetching candles chunk: 2026-02-04 -> 2026-02-04 (n=0)
fetching candles chunk: 2026-02-05 -> 2026-02-05 (n=0)
fetching candles chunk: 2026-02-05 -> 2026-02-05 (n=0)
fetching candles chunk: 2026-02-06 -> 2026-02-06 (n=0)
fetching candles chunk: 2026-02-06 -> 2026-02-08 (n=0)
fetching candles chunk: 2026-02-08 -> 2026-02-08 (n=0)
fetching candles chunk: 2026-02-08 -> 2026-02-08 (n=0)
fetching candles chunk: 2026-02-09 -> 2026-02-09 (n=0)
fetching candles chunk: 2026-02-09 -> 2026-02-09 (n=0)
fetching candles chunk: 2026-02-09 -> 2026-02-09 (n=0)
fetching candles chunk: 2026-02-09 -> 2026-02-09 (n=0)
fetching candles chunk: 2026-02-10 -> 2026-02-10 (n=0)
fetching candles chunk: 2026-02-10 -> 2026-02-10 (n=0)
fetching candles chunk: 2026-02-11 -> 2026-02-11 (n=0)
fetching candles chunk: 2026-02-12 -> 2026-02-12 (n=0)
fetching candles chunk: 2026-02-13 -> 2026-02-13 (n=0)
fetching candles chunk: 2026-02-13 -> 2026-02-15 (n=0)
fetching candles chunk: 2026-02-15 -> 2026-02-15 (n=0)
fetching candles chunk: 2026-02-15 -> 2026-02-15 (n=0)
fetching candles chunk: 2026-02-15 -> 2026-02-15 (n=0)
Backtest Config
Execution profile     : live_reality
Entry timing          : close
Entries close-only    : True
Intrabar exits via M1 : True
Magnifier             : M1
Magnifier policy      : conservative
Bid/ask used          : True
Spread effective      : 1.4
Ambiguous policy      : conservative
Parity debug          : False

Backtest Summary
Total trades: 155
Win rate: 66.45%
Avg win: 6.4230 USD
Avg loss: -9.0758 USD
Profit factor: 1.4018
Total PnL: 189.6300 USD
Total PnL (pips, weighted): 270.90
Total PnL (pips, raw): 1037.70
Max drawdown: 84.7000 USD
Sharpe (per trade): 1.7004
Avg hold bars: 12.18
TP1 hit rate: 30.25%
Runner PnL: 367.4160 USD
Ambiguous bars: 0
Same-bar TP1+runner: 36
Stopouts: 15
Magnifier TF: M1
Magnifier Policy: conservative
