cache status: symbol=AUD_USD timeframe=M15 cached=471 missing_windows=0
Backtest Config
Execution profile     : tv_panel
Entry timing          : close
Entries close-only    : True
Intrabar exits via M1 : False
Magnifier             : OFF
Magnifier policy      : n/a
Bid/ask used          : False
Spread effective      : 0.0
Ambiguous policy      : conservative
Parity debug          : False

Entry timing: close
Magnifier: OFF
Standard OHLC: OFF
Commission: 0
Slippage: 0
Backtest Summary
Total trades: 28
Win rate: 78.57%
Avg win: 7.2339 USD
Avg loss: -8.4350 USD
Profit factor: 3.1445
Total PnL: 108.5350 USD
Total PnL (pips, weighted): 155.05
Total PnL (pips, raw): 330.90
Max drawdown: 26.2500 USD
Sharpe (per trade): 2.4722
Avg hold bars: 19.14
TP1 hit rate: 33.33%
Runner PnL: 28.0000 USD
Ambiguous bars: 0
Same-bar TP1+runner: 0
Stopouts: 2
