cache status: symbol=AUD_USD timeframe=M15 cached=2016 missing_windows=6
fetching candles chunk: 2026-01-01 -> 2026-01-01 (n=0)
fetching candles chunk: 2026-01-02 -> 2026-01-04 (n=0)
fetching candles chunk: 2026-01-09 -> 2026-01-11 (n=0)
fetching candles chunk: 2026-01-16 -> 2026-01-18 (n=0)
fetching candles chunk: 2026-01-23 -> 2026-01-25 (n=0)
fetching candles chunk: 2026-01-30 -> 2026-01-31 (n=0)
cache status: symbol=AUD_USD timeframe=M1 cached=30001 missing_windows=146
fetching candles chunk: 2026-01-01 -> 2026-01-01 (n=0)
fetching candles chunk: 2026-01-01 -> 2026-01-01 (n=0)
fetching candles chunk: 2026-01-01 -> 2026-01-01 (n=0)
fetching candles chunk: 2026-01-01 -> 2026-01-01 (n=0)
fetching candles chunk: 2026-01-01 -> 2026-01-01 (n=0)
fetching candles chunk: 2026-01-01 -> 2026-01-01 (n=0)
fetching candles chunk: 2026-01-02 -> 2026-01-04 (n=0)
fetching candles chunk: 2026-01-04 -> 2026-01-04 (n=0)
fetching candles chunk: 2026-01-05 -> 2026-01-05 (n=0)
fetching candles chunk: 2026-01-05 -> 2026-01-05 (n=0)
fetching candles chunk: 2026-01-05 -> 2026-01-05 (n=0)
fetching candles chunk: 2026-01-05 -> 2026-01-05 (n=0)
fetching candles chunk: 2026-01-05 -> 2026-01-05 (n=0)
fetching candles chunk: 2026-01-05 -> 2026-01-05 (n=0)
fetching candles chunk: 2026-01-05 -> 2026-01-05 (n=0)
fetching candles chunk: 2026-01-06 -> 2026-01-06 (n=0)
fetching candles chunk: 2026-01-06 -> 2026-01-06 (n=0)
fetching candles chunk: 2026-01-06 -> 2026-01-06 (n=0)
fetching candles chunk: 2026-01-06 -> 2026-01-06 (n=0)
fetching candles chunk: 2026-01-06 -> 2026-01-06 (n=0)
fetching candles chunk: 2026-01-07 -> 2026-01-07 (n=0)
fetching candles chunk: 2026-01-07 -> 2026-01-07 (n=0)
fetching candles chunk: 2026-01-07 -> 2026-01-07 (n=0)
fetching candles chunk: 2026-01-07 -> 2026-01-07 (n=0)
fetching candles chunk: 2026-01-07 -> 2026-01-07 (n=0)
fetching candles chunk: 2026-01-07 -> 2026-01-07 (n=0)
fetching candles chunk: 2026-01-07 -> 2026-01-07 (n=0)
fetching candles chunk: 2026-01-07 -> 2026-01-07 (n=0)
fetching candles chunk: 2026-01-07 -> 2026-01-07 (n=0)
fetching candles chunk: 2026-01-07 -> 2026-01-07 (n=0)
fetching candles chunk: 2026-01-08 -> 2026-01-08 (n=0)
fetching candles chunk: 2026-01-08 -> 2026-01-08 (n=0)
fetching candles chunk: 2026-01-08 -> 2026-01-08 (n=0)
fetching candles chunk: 2026-01-09 -> 2026-01-09 (n=0)
fetching candles chunk: 2026-01-09 -> 2026-01-09 (n=0)
fetching candles chunk: 2026-01-09 -> 2026-01-09 (n=0)
fetching candles chunk: 2026-01-09 -> 2026-01-09 (n=0)
fetching candles chunk: 2026-01-09 -> 2026-01-11 (n=0)
fetching candles chunk: 2026-01-11 -> 2026-01-11 (n=0)
fetching candles chunk: 2026-01-11 -> 2026-01-11 (n=0)
fetching candles chunk: 2026-01-11 -> 2026-01-11 (n=0)
fetching candles chunk: 2026-01-11 -> 2026-01-11 (n=0)
fetching candles chunk: 2026-01-11 -> 2026-01-11 (n=0)
fetching candles chunk: 2026-01-11 -> 2026-01-11 (n=0)
fetching candles chunk: 2026-01-12 -> 2026-01-12 (n=0)
fetching candles chunk: 2026-01-12 -> 2026-01-12 (n=0)
fetching candles chunk: 2026-01-12 -> 2026-01-12 (n=0)
fetching candles chunk: 2026-01-13 -> 2026-01-13 (n=0)
fetching candles chunk: 2026-01-13 -> 2026-01-13 (n=0)
fetching candles chunk: 2026-01-13 -> 2026-01-13 (n=0)
fetching candles chunk: 2026-01-13 -> 2026-01-13 (n=0)
fetching candles chunk: 2026-01-14 -> 2026-01-14 (n=0)
fetching candles chunk: 2026-01-14 -> 2026-01-14 (n=0)
fetching candles chunk: 2026-01-14 -> 2026-01-14 (n=0)
fetching candles chunk: 2026-01-14 -> 2026-01-14 (n=0)
fetching candles chunk: 2026-01-14 -> 2026-01-14 (n=0)
fetching candles chunk: 2026-01-14 -> 2026-01-14 (n=0)
fetching candles chunk: 2026-01-14 -> 2026-01-14 (n=0)
fetching candles chunk: 2026-01-15 -> 2026-01-15 (n=0)
fetching candles chunk: 2026-01-15 -> 2026-01-15 (n=0)
fetching candles chunk: 2026-01-15 -> 2026-01-15 (n=0)
fetching candles chunk: 2026-01-15 -> 2026-01-15 (n=0)
fetching candles chunk: 2026-01-15 -> 2026-01-15 (n=0)
fetching candles chunk: 2026-01-15 -> 2026-01-15 (n=0)
fetching candles chunk: 2026-01-15 -> 2026-01-15 (n=0)
fetching candles chunk: 2026-01-16 -> 2026-01-16 (n=0)
fetching candles chunk: 2026-01-16 -> 2026-01-16 (n=0)
fetching candles chunk: 2026-01-16 -> 2026-01-16 (n=0)
fetching candles chunk: 2026-01-16 -> 2026-01-16 (n=0)
fetching candles chunk: 2026-01-16 -> 2026-01-16 (n=0)
fetching candles chunk: 2026-01-16 -> 2026-01-16 (n=0)
fetching candles chunk: 2026-01-16 -> 2026-01-18 (n=0)
fetching candles chunk: 2026-01-19 -> 2026-01-19 (n=0)
fetching candles chunk: 2026-01-19 -> 2026-01-19 (n=0)
fetching candles chunk: 2026-01-19 -> 2026-01-19 (n=0)
fetching candles chunk: 2026-01-19 -> 2026-01-19 (n=0)
fetching candles chunk: 2026-01-19 -> 2026-01-19 (n=0)
fetching candles chunk: 2026-01-19 -> 2026-01-19 (n=0)
fetching candles chunk: 2026-01-19 -> 2026-01-19 (n=0)
fetching candles chunk: 2026-01-19 -> 2026-01-19 (n=0)
fetching candles chunk: 2026-01-19 -> 2026-01-19 (n=0)
fetching candles chunk: 2026-01-19 -> 2026-01-19 (n=0)
fetching candles chunk: 2026-01-19 -> 2026-01-19 (n=0)
fetching candles chunk: 2026-01-19 -> 2026-01-19 (n=0)
fetching candles chunk: 2026-01-19 -> 2026-01-19 (n=0)
fetching candles chunk: 2026-01-19 -> 2026-01-19 (n=0)
fetching candles chunk: 2026-01-19 -> 2026-01-19 (n=0)
fetching candles chunk: 2026-01-19 -> 2026-01-19 (n=0)
fetching candles chunk: 2026-01-19 -> 2026-01-19 (n=0)
fetching candles chunk: 2026-01-19 -> 2026-01-19 (n=0)
fetching candles chunk: 2026-01-19 -> 2026-01-19 (n=0)
fetching candles chunk: 2026-01-19 -> 2026-01-19 (n=0)
fetching candles chunk: 2026-01-19 -> 2026-01-19 (n=0)
fetching candles chunk: 2026-01-19 -> 2026-01-19 (n=0)
fetching candles chunk: 2026-01-19 -> 2026-01-19 (n=0)
fetching candles chunk: 2026-01-19 -> 2026-01-19 (n=0)
fetching candles chunk: 2026-01-19 -> 2026-01-19 (n=0)
fetching candles chunk: 2026-01-19 -> 2026-01-19 (n=0)
fetching candles chunk: 2026-01-19 -> 2026-01-19 (n=0)
fetching candles chunk: 2026-01-19 -> 2026-01-19 (n=0)
fetching candles chunk: 2026-01-19 -> 2026-01-19 (n=0)
fetching candles chunk: 2026-01-19 -> 2026-01-19 (n=0)
fetching candles chunk: 2026-01-19 -> 2026-01-19 (n=0)
fetching candles chunk: 2026-01-19 -> 2026-01-19 (n=0)
fetching candles chunk: 2026-01-19 -> 2026-01-19 (n=0)
fetching candles chunk: 2026-01-20 -> 2026-01-20 (n=0)
fetching candles chunk: 2026-01-20 -> 2026-01-20 (n=0)
fetching candles chunk: 2026-01-20 -> 2026-01-20 (n=0)
fetching candles chunk: 2026-01-20 -> 2026-01-20 (n=0)
fetching candles chunk: 2026-01-21 -> 2026-01-21 (n=0)
fetching candles chunk: 2026-01-21 -> 2026-01-21 (n=0)
fetching candles chunk: 2026-01-21 -> 2026-01-21 (n=0)
fetching candles chunk: 2026-01-21 -> 2026-01-21 (n=0)
fetching candles chunk: 2026-01-21 -> 2026-01-21 (n=0)
fetching candles chunk: 2026-01-21 -> 2026-01-21 (n=0)
fetching candles chunk: 2026-01-22 -> 2026-01-22 (n=0)
fetching candles chunk: 2026-01-22 -> 2026-01-22 (n=0)
fetching candles chunk: 2026-01-22 -> 2026-01-22 (n=0)
fetching candles chunk: 2026-01-22 -> 2026-01-22 (n=0)
fetching candles chunk: 2026-01-22 -> 2026-01-22 (n=0)
fetching candles chunk: 2026-01-22 -> 2026-01-22 (n=0)
fetching candles chunk: 2026-01-22 -> 2026-01-22 (n=0)
fetching candles chunk: 2026-01-22 -> 2026-01-22 (n=0)
fetching candles chunk: 2026-01-22 -> 2026-01-22 (n=0)
fetching candles chunk: 2026-01-23 -> 2026-01-23 (n=0)
fetching candles chunk: 2026-01-23 -> 2026-01-25 (n=0)
fetching candles chunk: 2026-01-26 -> 2026-01-26 (n=0)
fetching candles chunk: 2026-01-26 -> 2026-01-26 (n=0)
fetching candles chunk: 2026-01-26 -> 2026-01-26 (n=0)
fetching candles chunk: 2026-01-26 -> 2026-01-26 (n=0)
fetching candles chunk: 2026-01-27 -> 2026-01-27 (n=0)
fetching candles chunk: 2026-01-27 -> 2026-01-27 (n=0)
fetching candles chunk: 2026-01-27 -> 2026-01-27 (n=0)
fetching candles chunk: 2026-01-27 -> 2026-01-27 (n=0)
fetching candles chunk: 2026-01-27 -> 2026-01-27 (n=0)
fetching candles chunk: 2026-01-27 -> 2026-01-27 (n=0)
fetching candles chunk: 2026-01-28 -> 2026-01-28 (n=0)
fetching candles chunk: 2026-01-28 -> 2026-01-28 (n=0)
fetching candles chunk: 2026-01-28 -> 2026-01-28 (n=0)
fetching candles chunk: 2026-01-28 -> 2026-01-28 (n=0)
fetching candles chunk: 2026-01-29 -> 2026-01-29 (n=0)
fetching candles chunk: 2026-01-29 -> 2026-01-29 (n=0)
fetching candles chunk: 2026-01-29 -> 2026-01-29 (n=0)
fetching candles chunk: 2026-01-29 -> 2026-01-29 (n=0)
fetching candles chunk: 2026-01-29 -> 2026-01-29 (n=0)
fetching candles chunk: 2026-01-30 -> 2026-01-31 (n=0)
Backtest Config
Execution profile     : live_reality
Entry timing          : close
Entries close-only    : True
Intrabar exits via M1 : True
Magnifier             : M1
Magnifier policy      : conservative
Bid/ask used          : True
Spread effective      : 1.4
Ambiguous policy      : conservative
Parity debug          : False

Backtest Summary
Total trades: 123
Win rate: 65.85%
Avg win: 4.9994 USD
Avg loss: -8.0600 USD
Profit factor: 1.1962
Total PnL: 66.4300 USD
Total PnL (pips, weighted): 94.90
Total PnL (pips, raw): 519.50
Max drawdown: 85.6100 USD
Sharpe (per trade): 0.7395
Avg hold bars: 15.97
TP1 hit rate: 21.78%
Runner PnL: 74.3050 USD
Ambiguous bars: 0
Same-bar TP1+runner: 22
Stopouts: 10
Magnifier TF: M1
Magnifier Policy: conservative
